#
# There is insufficient memory for the Java Runtime Environment to continue.
# Native memory allocation (malloc) failed to allocate 1048576 bytes. Error detail: AllocateHeap
# Possible reasons:
#   The system is out of physical RAM or swap space
#   This process is running with CompressedOops enabled, and the Java Heap may be blocking the growth of the native heap
# Possible solutions:
#   Reduce memory load on the system
#   Increase physical memory or swap space
#   Check if swap backing store is full
#   Decrease Java heap size (-Xmx/-Xms)
#   Decrease number of Java threads
#   Decrease Java thread stack sizes (-Xss)
#   Set larger code cache with -XX:ReservedCodeCacheSize=
#   JVM is running with Unscaled Compressed Oops mode in which the Java heap is
#     placed in the first 4GB address space. The Java Heap base address is the
#     maximum limit for the native heap growth. Please use -XX:HeapBaseMinAddress
#     to set the Java Heap base and to place the Java Heap above 4GB virtual address.
# This output file may be truncated or incomplete.
#
#  Out of Memory Error (allocation.cpp:44), pid=17312, tid=15648
#
# JRE version: OpenJDK Runtime Environment Temurin-21.0.12.1+1 (21.0.12.1+1) (build 21.0.12.1+1-LTS)
# Java VM: OpenJDK 64-Bit Server VM Temurin-21.0.12.1+1 (21.0.12.1+1-LTS, mixed mode, sharing, tiered, compressed oops, compressed class ptrs, parallel gc, windows-amd64)
# No core dump will be written. Minidumps are not enabled by default on client versions of Windows
#

---------------  S U M M A R Y ------------

Command Line: --add-modules=ALL-SYSTEM --add-opens=java.base/java.util=ALL-UNNAMED --add-opens=java.base/java.lang=ALL-UNNAMED --add-opens=java.base/sun.nio.fs=ALL-UNNAMED -Declipse.application=org.eclipse.jdt.ls.core.id1 -Dosgi.bundles.defaultStartLevel=4 -Declipse.product=org.eclipse.jdt.ls.core.product -Djava.import.generatesMetadataFilesAtProjectRoot=false -Dm2e.project.cache.size=50 -DDetectVMInstallationsJob.disabled=true -Dfile.encoding=utf8 -XX:+UseParallelGC -XX:GCTimeRatio=4 -XX:AdaptiveSizePolicyWeight=90 -Dsun.zip.disableMemoryMapping=true -Xmx2G -Xms100m -Xlog:disable -javaagent:c:\Users\Hype GLK\.vscode\extensions\redhat.java-1.56.0-win32-x64\lombok\lombok-1.18.39-4050.jar -XX:+HeapDumpOnOutOfMemoryError -XX:HeapDumpPath=c:\Users\Hype GLK\AppData\Roaming\Code\User\workspaceStorage\8ad3ce0ed1885a528738d1945e7fd075\redhat.java -Daether.dependencyCollector.impl=bf c:\Users\Hype GLK\.vscode\extensions\redhat.java-1.56.0-win32-x64\server\plugins\org.eclipse.equinox.launcher_1.8.0.v20260804-1928.jar -configuration c:\Users\Hype GLK\AppData\Roaming\Code\User\globalStorage\redhat.java\1.56.0\config_win -data c:\Users\Hype GLK\AppData\Roaming\Code\User\workspaceStorage\8ad3ce0ed1885a528738d1945e7fd075\redhat.java\jdt_ws --stdio

Host: Intel(R) Celeron(R) N4020 CPU @ 1.10GHz, 2 cores, 7G,  Windows 11 , 64 bit Build 26100 (10.0.26100.9444)
Time: Thu Sep 24 16:41:07 2026 SE Asia Standard Time elapsed time: 33291.989586 seconds (0d 9h 14m 51s)

---------------  T H R E A D  ---------------

Current thread (0x0000020f6016d3b0):  JavaThread "Attach Listener" daemon [_thread_in_vm, id=15648, stack(0x000000c9f2f00000,0x000000c9f3000000) (1024K)]

Stack: [0x000000c9f2f00000,0x000000c9f3000000]
Native frames: (J=compiled Java code, j=interpreted, Vv=VM code, C=native code)
V  [jvm.dll+0x6d83e9]
V  [jvm.dll+0x8b5736]
V  [jvm.dll+0x8b7cee]
V  [jvm.dll+0x8b83d3]
V  [jvm.dll+0x284596]
V  [jvm.dll+0xc13c7]
V  [jvm.dll+0x6d8c99]
V  [jvm.dll+0x133616]
V  [jvm.dll+0x3f8aae]
V  [jvm.dll+0x8600cd]
V  [jvm.dll+0x6d6c1d]
C  [ucrtbase.dll+0x2cd30]
C  [KERNEL32.DLL+0x2cd87]
C  [ntdll.dll+0xacaec]


---------------  P R O C E S S  ---------------

Threads class SMR info:
_java_thread_list=0x0000020f7d317b00, length=26, elements={
0x0000020f602c0e30, 0x0000020f60167dc0, 0x0000020f60169ee0, 0x0000020f6016c950,
0x0000020f6016d3b0, 0x0000020f6016fd80, 0x0000020f601707e0, 0x0000020f60171570,
0x0000020f601ed7f0, 0x0000020f77303dc0, 0x0000020f77424f20, 0x0000020f77705e80,
0x0000020f772e75a0, 0x0000020f77726ef0, 0x0000020f77949790, 0x0000020f77c68c60,
0x0000020f77b980c0, 0x0000020f77b486f0, 0x0000020f7c6f4c00, 0x0000020f7c6f79f0,
0x0000020f7c6f6cd0, 0x0000020f7c6f7360, 0x0000020f7de04450, 0x0000020f7de030a0,
0x0000020f7de06520, 0x0000020f7de04ae0
}

Java Threads: ( => current thread )
  0x0000020f602c0e30 JavaThread "main"                              [_thread_blocked, id=18348, stack(0x000000c9f2800000,0x000000c9f2900000) (1024K)]
  0x0000020f60167dc0 JavaThread "Reference Handler"          daemon [_thread_blocked, id=17056, stack(0x000000c9f2c00000,0x000000c9f2d00000) (1024K)]
  0x0000020f60169ee0 JavaThread "Finalizer"                  daemon [_thread_blocked, id=15280, stack(0x000000c9f2d00000,0x000000c9f2e00000) (1024K)]
  0x0000020f6016c950 JavaThread "Signal Dispatcher"          daemon [_thread_blocked, id=5988, stack(0x000000c9f2e00000,0x000000c9f2f00000) (1024K)]
=>0x0000020f6016d3b0 JavaThread "Attach Listener"            daemon [_thread_in_vm, id=15648, stack(0x000000c9f2f00000,0x000000c9f3000000) (1024K)]
  0x0000020f6016fd80 JavaThread "Service Thread"             daemon [_thread_blocked, id=4948, stack(0x000000c9f3000000,0x000000c9f3100000) (1024K)]
  0x0000020f601707e0 JavaThread "Monitor Deflation Thread"   daemon [_thread_blocked, id=11880, stack(0x000000c9f3100000,0x000000c9f3200000) (1024K)]
  0x0000020f60171570 JavaThread "C2 CompilerThread0"         daemon [_thread_blocked, id=11604, stack(0x000000c9f3200000,0x000000c9f3300000) (1024K)]
  0x0000020f601ed7f0 JavaThread "C1 CompilerThread0"         daemon [_thread_blocked, id=3852, stack(0x000000c9f3300000,0x000000c9f3400000) (1024K)]
  0x0000020f77303dc0 JavaThread "Common-Cleaner"             daemon [_thread_blocked, id=2220, stack(0x000000c9f3400000,0x000000c9f3500000) (1024K)]
  0x0000020f77424f20 JavaThread "Notification Thread"        daemon [_thread_blocked, id=6784, stack(0x000000c9f3500000,0x000000c9f3600000) (1024K)]
  0x0000020f77705e80 JavaThread "Active Thread: Equinox Container: c98e519f-4625-4430-b8cd-02bfce86f7f0"        [_thread_blocked, id=3156, stack(0x000000c9f3700000,0x000000c9f3800000) (1024K)]
  0x0000020f772e75a0 JavaThread "Refresh Thread: Equinox Container: c98e519f-4625-4430-b8cd-02bfce86f7f0" daemon [_thread_blocked, id=5072, stack(0x000000c9f3800000,0x000000c9f3900000) (1024K)]
  0x0000020f77726ef0 JavaThread "Framework Event Dispatcher: Equinox Container: c98e519f-4625-4430-b8cd-02bfce86f7f0" daemon [_thread_blocked, id=18256, stack(0x000000c9f3900000,0x000000c9f3a00000) (1024K)]
  0x0000020f77949790 JavaThread "Start Level: Equinox Container: c98e519f-4625-4430-b8cd-02bfce86f7f0" daemon [_thread_blocked, id=16284, stack(0x000000c9f3a00000,0x000000c9f3b00000) (1024K)]
  0x0000020f77c68c60 JavaThread "Bundle File Closer"         daemon [_thread_blocked, id=5388, stack(0x000000c9f3b00000,0x000000c9f3c00000) (1024K)]
  0x0000020f77b980c0 JavaThread "SCR Component Actor"        daemon [_thread_blocked, id=14104, stack(0x000000c9f3c00000,0x000000c9f3d00000) (1024K)]
  0x0000020f77b486f0 JavaThread "Worker-JM"                         [_thread_blocked, id=16752, stack(0x000000c9f2600000,0x000000c9f2700000) (1024K)]
  0x0000020f7c6f4c00 JavaThread "JNA Cleaner"                daemon [_thread_blocked, id=16944, stack(0x000000c9f3e00000,0x000000c9f3f00000) (1024K)]
  0x0000020f7c6f79f0 JavaThread "Worker-0"                          [_thread_blocked, id=6536, stack(0x000000c9f3f00000,0x000000c9f4000000) (1024K)]
  0x0000020f7c6f6cd0 JavaThread "Worker-1"                          [_thread_blocked, id=6292, stack(0x000000c9f4000000,0x000000c9f4100000) (1024K)]
  0x0000020f7c6f7360 JavaThread "Java indexing"              daemon [_thread_blocked, id=14492, stack(0x000000c9f4300000,0x000000c9f4400000) (1024K)]
  0x0000020f7de04450 JavaThread "pool-2-thread-1"                   [_thread_blocked, id=15896, stack(0x000000c9f4800000,0x000000c9f4900000) (1024K)]
  0x0000020f7de030a0 JavaThread "WorkspaceEventsHandler"            [_thread_blocked, id=4036, stack(0x000000c9f4900000,0x000000c9f4a00000) (1024K)]
  0x0000020f7de06520 JavaThread "pool-1-thread-1"                   [_thread_in_native, id=15992, stack(0x000000c9f4a00000,0x000000c9f4b00000) (1024K)]
  0x0000020f7de04ae0 JavaThread "Cleaner-0"                  daemon [_thread_blocked, id=13356, stack(0x000000c9f5000000,0x000000c9f5100000) (1024K)]
Total: 26

Other Threads:
  0x0000020f6037e7b0 VMThread "VM Thread"                           [id=1380, stack(0x000000c9f2b00000,0x000000c9f2c00000) (1024K)]
  0x0000020f6014cb00 WatcherThread "VM Periodic Task Thread"        [id=18116, stack(0x000000c9f2a00000,0x000000c9f2b00000) (1024K)]
  0x0000020f602de960 WorkerThread "GC Thread#0"                     [id=13600, stack(0x000000c9f2900000,0x000000c9f2a00000) (1024K)]
  0x0000020f778ef5e0 WorkerThread "GC Thread#1"                     [id=14052, stack(0x000000c9f3600000,0x000000c9f3700000) (1024K)]
Total: 4

Threads with active compile tasks:
Total: 0

VM state: not at safepoint (normal execution)

VM Mutex/Monitor currently owned by a thread: None

OutOfMemory and StackOverflow Exception counts:
OutOfMemoryError java_heap_errors=1
LinkageErrors=126

Heap address: 0x0000000080000000, size: 2048 MB, Compressed Oops mode: 32-bit

CDS archive(s) mapped at: [0x0000020f00000000-0x0000020f00ba0000-0x0000020f00ba0000), size 12189696, SharedBaseAddress: 0x0000020f00000000, ArchiveRelocationMode: 1.
Compressed class space mapped at: 0x0000020f01000000-0x0000020f41000000, reserved size: 1073741824
Narrow klass base: 0x0000020f00000000, Narrow klass shift: 0, Narrow klass range: 0x100000000

GC Precious Log:
 CardTable entry size: 512
 CPUs: 2 total, 2 available
 Memory: 8016M
 Large Page Support: Disabled
 NUMA Support: Disabled
 Compressed Oops: Enabled (32-bit)
 Alignments: Space 512K, Generation 512K, Heap 2M
 Heap Min Capacity: 100M
 Heap Initial Capacity: 100M
 Heap Max Capacity: 2G
 Pre-touch: Disabled
 Parallel Workers: 2

Heap:
 PSYoungGen      total 16896K, used 11249K [0x00000000d5580000, 0x00000000d6a80000, 0x0000000100000000)
  eden space 16384K, 68% used [0x00000000d5580000,0x00000000d607c458,0x00000000d6580000)
  from space 512K, 0% used [0x00000000d6580000,0x00000000d6580000,0x00000000d6600000)
  to   space 512K, 0% used [0x00000000d6a00000,0x00000000d6a00000,0x00000000d6a80000)
 ParOldGen       total 1398272K, used 38559K [0x0000000080000000, 0x00000000d5580000, 0x00000000d5580000)
  object space 1398272K, 2% used [0x0000000080000000,0x00000000825a7f80,0x00000000d5580000)
 Metaspace       used 65086K, committed 66432K, reserved 1114112K
  class space    used 6858K, committed 7488K, reserved 1048576K

Card table byte_map: [0x0000020f5fc60000,0x0000020f60070000] _byte_map_base: 0x0000020f5f860000

Marking Bits: (ParMarkBitMap*) 0x00007ffc1ada44a0
 Begin Bits: [0x0000020f72770000, 0x0000020f74770000)
 End Bits:   [0x0000020f74770000, 0x0000020f76770000)

Polling page: 0x0000020f5def0000

Metaspace:

Usage:
  Non-class:     56.86 MB used.
      Class:      6.70 MB used.
       Both:     63.56 MB used.

Virtual space:
  Non-class space:       64.00 MB reserved,      57.56 MB ( 90%) committed,  1 nodes.
      Class space:        1.00 GB reserved,       7.31 MB ( <1%) committed,  1 nodes.
             Both:        1.06 GB reserved,      64.88 MB (  6%) committed. 

Chunk freelists:
   Non-Class:  5.98 MB
       Class:  8.64 MB
        Both:  14.62 MB

MaxMetaspaceSize: unlimited
CompressedClassSpaceSize: 1.00 GB
Initial GC threshold: 21.00 MB
Current GC threshold: 107.75 MB
CDS: on
 - commit_granule_bytes: 65536.
 - commit_granule_words: 8192.
 - virtual_space_node_default_size: 8388608.
 - enlarge_chunks_in_place: 1.
 - use_allocation_guard: 0.


Internal statistics:

num_allocs_failed_limit: 9.
num_arena_births: 1116.
num_arena_deaths: 326.
num_vsnodes_births: 2.
num_vsnodes_deaths: 0.
num_space_committed: 1038.
num_space_uncommitted: 0.
num_chunks_returned_to_freelist: 379.
num_chunks_taken_from_freelist: 4204.
num_chunk_merges: 92.
num_chunk_splits: 2520.
num_chunks_enlarged: 1469.
num_inconsistent_stats: 0.

CodeHeap 'non-profiled nmethods': size=120064Kb used=5311Kb max_used=6290Kb free=114752Kb
 bounds [0x0000020f6af80000, 0x0000020f6b5b0000, 0x0000020f724c0000]
CodeHeap 'profiled nmethods': size=120000Kb used=16336Kb max_used=19380Kb free=103663Kb
 bounds [0x0000020f634c0000, 0x0000020f647b0000, 0x0000020f6a9f0000]
CodeHeap 'non-nmethods': size=5696Kb used=1443Kb max_used=1511Kb free=4252Kb
 bounds [0x0000020f6a9f0000, 0x0000020f6ac60000, 0x0000020f6af80000]
CodeCache: size=245760Kb, used=23090Kb, max_used=27181Kb, free=222667Kb
 total_blobs=8669, nmethods=7901, adapters=674, full_count=0
Compilation: enabled, stopped_count=0, restarted_count=0

Compilation events (20 events):
Event: 10427.023 Thread 0x0000020f601ed7f0 9580       3       org.eclipse.osgi.storage.Storage::isReadOnly (10 bytes)
Event: 10427.031 Thread 0x0000020f601ed7f0 nmethod 9580 0x0000020f6374e410 code [0x0000020f6374e5c0, 0x0000020f6374e740]
Event: 10565.155 Thread 0x0000020f601ed7f0 9581       3       org.eclipse.core.internal.resources.Resource::contains (131 bytes)
Event: 10565.244 Thread 0x0000020f601ed7f0 nmethod 9581 0x0000020f6370a990 code [0x0000020f6370ac20, 0x0000020f6370bbc0]
Event: 10697.087 Thread 0x0000020f601ed7f0 9582   !   3       org.eclipse.osgi.internal.framework.StorageSaver$StorageSaverTask::run (31 bytes)
Event: 10697.126 Thread 0x0000020f601ed7f0 nmethod 9582 0x0000020f63874290 code [0x0000020f63874460, 0x0000020f63874700]
Event: 10697.126 Thread 0x0000020f601ed7f0 9583   !   3       org.eclipse.osgi.storage.Storage::save (62 bytes)
Event: 10697.132 Thread 0x0000020f601ed7f0 nmethod 9583 0x0000020f63995690 code [0x0000020f63995880, 0x0000020f63995bf0]
Event: 10697.132 Thread 0x0000020f601ed7f0 9584   !   3       org.eclipse.osgi.storage.Storage::save0 (246 bytes)
Event: 10697.191 Thread 0x0000020f601ed7f0 nmethod 9584 0x0000020f639fd390 code [0x0000020f639fd8a0, 0x0000020f63a00488]
Event: 12381.187 Thread 0x0000020f60171570 9585       4       java.util.concurrent.ThreadPoolExecutor::runStateAtLeast (11 bytes)
Event: 12381.187 Thread 0x0000020f60171570 nmethod 9585 0x0000020f6b24f990 code [0x0000020f6b24fb20, 0x0000020f6b24fba8]
Event: 12401.242 Thread 0x0000020f60171570 9586       4       java.util.concurrent.ThreadPoolExecutor::beforeExecute (1 bytes)
Event: 12401.247 Thread 0x0000020f60171570 nmethod 9586 0x0000020f6b24f690 code [0x0000020f6b24f820, 0x0000020f6b24f8a8]
Event: 12407.712 Thread 0x0000020f60171570 9587       4       java.util.concurrent.ThreadPoolExecutor::afterExecute (1 bytes)
Event: 12407.712 Thread 0x0000020f60171570 nmethod 9587 0x0000020f6b24f310 code [0x0000020f6b24f4a0, 0x0000020f6b24f528]
Event: 32139.102 Thread 0x0000020f601ed7f0 9588       3       java.util.logging.Logger::demandLogger (36 bytes)
Event: 32139.118 Thread 0x0000020f601ed7f0 nmethod 9588 0x0000020f63edac10 code [0x0000020f63edaea0, 0x0000020f63edb950]
Event: 32732.382 Thread 0x0000020f601ed7f0 9589       3       org.eclipse.core.internal.jobs.JobListeners::queueEvent (15 bytes)
Event: 32732.404 Thread 0x0000020f601ed7f0 nmethod 9589 0x0000020f6398c910 code [0x0000020f6398cac0, 0x0000020f6398cca8]

GC Heap History (20 events):
Event: 166.143 GC heap before
{Heap before GC invocations=35 (full 3):
 PSYoungGen      total 18944K, used 18782K [0x00000000d5580000, 0x00000000d6980000, 0x0000000100000000)
  eden space 17408K, 100% used [0x00000000d5580000,0x00000000d6680000,0x00000000d6680000)
  from space 1536K, 89% used [0x00000000d6780000,0x00000000d68d79e8,0x00000000d6900000)
  to   space 512K, 0% used [0x00000000d6900000,0x00000000d6900000,0x00000000d6980000)
 ParOldGen       total 68608K, used 42195K [0x0000000080000000, 0x0000000084300000, 0x00000000d5580000)
  object space 68608K, 61% used [0x0000000080000000,0x0000000082934cd8,0x0000000084300000)
 Metaspace       used 61290K, committed 62592K, reserved 1114112K
  class space    used 6526K, committed 7104K, reserved 1048576K
}
Event: 166.156 GC heap after
{Heap after GC invocations=35 (full 3):
 PSYoungGen      total 13824K, used 489K [0x00000000d5580000, 0x00000000d7380000, 0x0000000100000000)
  eden space 13312K, 0% used [0x00000000d5580000,0x00000000d5580000,0x00000000d6280000)
  from space 512K, 95% used [0x00000000d6900000,0x00000000d697a768,0x00000000d6980000)
  to   space 6656K, 0% used [0x00000000d6280000,0x00000000d6280000,0x00000000d6900000)
 ParOldGen       total 68608K, used 47470K [0x0000000080000000, 0x0000000084300000, 0x00000000d5580000)
  object space 68608K, 69% used [0x0000000080000000,0x0000000082e5bad8,0x0000000084300000)
 Metaspace       used 61290K, committed 62592K, reserved 1114112K
  class space    used 6526K, committed 7104K, reserved 1048576K
}
Event: 170.919 GC heap before
{Heap before GC invocations=36 (full 3):
 PSYoungGen      total 13824K, used 13801K [0x00000000d5580000, 0x00000000d7380000, 0x0000000100000000)
  eden space 13312K, 100% used [0x00000000d5580000,0x00000000d6280000,0x00000000d6280000)
  from space 512K, 95% used [0x00000000d6900000,0x00000000d697a768,0x00000000d6980000)
  to   space 6656K, 0% used [0x00000000d6280000,0x00000000d6280000,0x00000000d6900000)
 ParOldGen       total 68608K, used 47470K [0x0000000080000000, 0x0000000084300000, 0x00000000d5580000)
  object space 68608K, 69% used [0x0000000080000000,0x0000000082e5bad8,0x0000000084300000)
 Metaspace       used 62371K, committed 63744K, reserved 1114112K
  class space    used 6620K, committed 7232K, reserved 1048576K
}
Event: 170.925 GC heap after
{Heap after GC invocations=36 (full 3):
 PSYoungGen      total 14848K, used 1120K [0x00000000d5580000, 0x00000000d6980000, 0x0000000100000000)
  eden space 13312K, 0% used [0x00000000d5580000,0x00000000d5580000,0x00000000d6280000)
  from space 1536K, 72% used [0x00000000d6280000,0x00000000d63982e0,0x00000000d6400000)
  to   space 3072K, 0% used [0x00000000d6680000,0x00000000d6680000,0x00000000d6980000)
 ParOldGen       total 68608K, used 47936K [0x0000000080000000, 0x0000000084300000, 0x00000000d5580000)
  object space 68608K, 69% used [0x0000000080000000,0x0000000082ed0270,0x0000000084300000)
 Metaspace       used 62371K, committed 63744K, reserved 1114112K
  class space    used 6620K, committed 7232K, reserved 1048576K
}
Event: 173.155 GC heap before
{Heap before GC invocations=37 (full 3):
 PSYoungGen      total 14848K, used 14432K [0x00000000d5580000, 0x00000000d6980000, 0x0000000100000000)
  eden space 13312K, 100% used [0x00000000d5580000,0x00000000d6280000,0x00000000d6280000)
  from space 1536K, 72% used [0x00000000d6280000,0x00000000d63982e0,0x00000000d6400000)
  to   space 3072K, 0% used [0x00000000d6680000,0x00000000d6680000,0x00000000d6980000)
 ParOldGen       total 68608K, used 47936K [0x0000000080000000, 0x0000000084300000, 0x00000000d5580000)
  object space 68608K, 69% used [0x0000000080000000,0x0000000082ed0270,0x0000000084300000)
 Metaspace       used 63451K, committed 64896K, reserved 1114112K
  class space    used 6726K, committed 7360K, reserved 1048576K
}
Event: 173.161 GC heap after
{Heap after GC invocations=37 (full 3):
 PSYoungGen      total 14848K, used 1395K [0x00000000d5580000, 0x00000000d6800000, 0x0000000100000000)
  eden space 13312K, 0% used [0x00000000d5580000,0x00000000d5580000,0x00000000d6280000)
  from space 1536K, 90% used [0x00000000d6680000,0x00000000d67dcef8,0x00000000d6800000)
  to   space 2048K, 0% used [0x00000000d6400000,0x00000000d6400000,0x00000000d6600000)
 ParOldGen       total 68608K, used 48671K [0x0000000080000000, 0x0000000084300000, 0x00000000d5580000)
  object space 68608K, 70% used [0x0000000080000000,0x0000000082f87c78,0x0000000084300000)
 Metaspace       used 63451K, committed 64896K, reserved 1114112K
  class space    used 6726K, committed 7360K, reserved 1048576K
}
Event: 249.750 GC heap before
{Heap before GC invocations=38 (full 3):
 PSYoungGen      total 14848K, used 14707K [0x00000000d5580000, 0x00000000d6800000, 0x0000000100000000)
  eden space 13312K, 100% used [0x00000000d5580000,0x00000000d6280000,0x00000000d6280000)
  from space 1536K, 90% used [0x00000000d6680000,0x00000000d67dcef8,0x00000000d6800000)
  to   space 2048K, 0% used [0x00000000d6400000,0x00000000d6400000,0x00000000d6600000)
 ParOldGen       total 68608K, used 48671K [0x0000000080000000, 0x0000000084300000, 0x00000000d5580000)
  object space 68608K, 70% used [0x0000000080000000,0x0000000082f87c78,0x0000000084300000)
 Metaspace       used 64041K, committed 65408K, reserved 1114112K
  class space    used 6776K, committed 7360K, reserved 1048576K
}
Event: 249.758 GC heap after
{Heap after GC invocations=38 (full 3):
 PSYoungGen      total 15360K, used 320K [0x00000000d5580000, 0x00000000d6700000, 0x0000000100000000)
  eden space 13312K, 0% used [0x00000000d5580000,0x00000000d5580000,0x00000000d6280000)
  from space 2048K, 15% used [0x00000000d6400000,0x00000000d6450020,0x00000000d6600000)
  to   space 1024K, 0% used [0x00000000d6600000,0x00000000d6600000,0x00000000d6700000)
 ParOldGen       total 68608K, used 49983K [0x0000000080000000, 0x0000000084300000, 0x00000000d5580000)
  object space 68608K, 72% used [0x0000000080000000,0x00000000830cfd90,0x0000000084300000)
 Metaspace       used 64041K, committed 65408K, reserved 1114112K
  class space    used 6776K, committed 7360K, reserved 1048576K
}
Event: 322.860 GC heap before
{Heap before GC invocations=39 (full 3):
 PSYoungGen      total 15360K, used 13632K [0x00000000d5580000, 0x00000000d6700000, 0x0000000100000000)
  eden space 13312K, 100% used [0x00000000d5580000,0x00000000d6280000,0x00000000d6280000)
  from space 2048K, 15% used [0x00000000d6400000,0x00000000d6450020,0x00000000d6600000)
  to   space 1024K, 0% used [0x00000000d6600000,0x00000000d6600000,0x00000000d6700000)
 ParOldGen       total 68608K, used 49983K [0x0000000080000000, 0x0000000084300000, 0x00000000d5580000)
  object space 68608K, 72% used [0x0000000080000000,0x00000000830cfd90,0x0000000084300000)
 Metaspace       used 64618K, committed 65920K, reserved 1114112K
  class space    used 6845K, committed 7424K, reserved 1048576K
}
Event: 322.872 GC heap after
{Heap after GC invocations=39 (full 3):
 PSYoungGen      total 14336K, used 864K [0x00000000d5580000, 0x00000000d6700000, 0x0000000100000000)
  eden space 13312K, 0% used [0x00000000d5580000,0x00000000d5580000,0x00000000d6280000)
  from space 1024K, 84% used [0x00000000d6600000,0x00000000d66d8060,0x00000000d6700000)
  to   space 1024K, 0% used [0x00000000d6500000,0x00000000d6500000,0x00000000d6600000)
 ParOldGen       total 68608K, used 50263K [0x0000000080000000, 0x0000000084300000, 0x00000000d5580000)
  object space 68608K, 73% used [0x0000000080000000,0x0000000083115db0,0x0000000084300000)
 Metaspace       used 64618K, committed 65920K, reserved 1114112K
  class space    used 6845K, committed 7424K, reserved 1048576K
}
Event: 324.100 GC heap before
{Heap before GC invocations=40 (full 3):
 PSYoungGen      total 14336K, used 4535K [0x00000000d5580000, 0x00000000d6700000, 0x0000000100000000)
  eden space 13312K, 27% used [0x00000000d5580000,0x00000000d5915ef0,0x00000000d6280000)
  from space 1024K, 84% used [0x00000000d6600000,0x00000000d66d8060,0x00000000d6700000)
  to   space 1024K, 0% used [0x00000000d6500000,0x00000000d6500000,0x00000000d6600000)
 ParOldGen       total 1398272K, used 50263K [0x0000000080000000, 0x00000000d5580000, 0x00000000d5580000)
  object space 1398272K, 3% used [0x0000000080000000,0x0000000083115db0,0x00000000d5580000)
 Metaspace       used 64738K, committed 66176K, reserved 1114112K
  class space    used 6859K, committed 7488K, reserved 1048576K
}
Event: 324.105 GC heap after
{Heap after GC invocations=40 (full 3):
 PSYoungGen      total 14336K, used 160K [0x00000000d5580000, 0x00000000d6680000, 0x0000000100000000)
  eden space 13312K, 0% used [0x00000000d5580000,0x00000000d5580000,0x00000000d6280000)
  from space 1024K, 15% used [0x00000000d6500000,0x00000000d6528000,0x00000000d6600000)
  to   space 512K, 0% used [0x00000000d6600000,0x00000000d6600000,0x00000000d6680000)
 ParOldGen       total 1398272K, used 50804K [0x0000000080000000, 0x00000000d5580000, 0x00000000d5580000)
  object space 1398272K, 3% used [0x0000000080000000,0x000000008319d280,0x00000000d5580000)
 Metaspace       used 64738K, committed 66176K, reserved 1114112K
  class space    used 6859K, committed 7488K, reserved 1048576K
}
Event: 324.105 GC heap before
{Heap before GC invocations=41 (full 3):
 PSYoungGen      total 14336K, used 160K [0x00000000d5580000, 0x00000000d6680000, 0x0000000100000000)
  eden space 13312K, 0% used [0x00000000d5580000,0x00000000d5580000,0x00000000d6280000)
  from space 1024K, 15% used [0x00000000d6500000,0x00000000d6528000,0x00000000d6600000)
  to   space 512K, 0% used [0x00000000d6600000,0x00000000d6600000,0x00000000d6680000)
 ParOldGen       total 1398272K, used 50804K [0x0000000080000000, 0x00000000d5580000, 0x00000000d5580000)
  object space 1398272K, 3% used [0x0000000080000000,0x000000008319d280,0x00000000d5580000)
 Metaspace       used 64738K, committed 66176K, reserved 1114112K
  class space    used 6859K, committed 7488K, reserved 1048576K
}
Event: 324.106 GC heap after
{Heap after GC invocations=41 (full 3):
 PSYoungGen      total 16896K, used 0K [0x00000000d5580000, 0x00000000d6700000, 0x0000000100000000)
  eden space 16384K, 0% used [0x00000000d5580000,0x00000000d5580000,0x00000000d6580000)
  from space 512K, 0% used [0x00000000d6600000,0x00000000d6600000,0x00000000d6680000)
  to   space 512K, 0% used [0x00000000d6580000,0x00000000d6580000,0x00000000d6600000)
 ParOldGen       total 1398272K, used 50940K [0x0000000080000000, 0x00000000d5580000, 0x00000000d5580000)
  object space 1398272K, 3% used [0x0000000080000000,0x00000000831bf2a0,0x00000000d5580000)
 Metaspace       used 64738K, committed 66176K, reserved 1114112K
  class space    used 6859K, committed 7488K, reserved 1048576K
}
Event: 324.107 GC heap before
{Heap before GC invocations=42 (full 4):
 PSYoungGen      total 16896K, used 0K [0x00000000d5580000, 0x00000000d6700000, 0x0000000100000000)
  eden space 16384K, 0% used [0x00000000d5580000,0x00000000d5580000,0x00000000d6580000)
  from space 512K, 0% used [0x00000000d6600000,0x00000000d6600000,0x00000000d6680000)
  to   space 512K, 0% used [0x00000000d6580000,0x00000000d6580000,0x00000000d6600000)
 ParOldGen       total 1398272K, used 50940K [0x0000000080000000, 0x00000000d5580000, 0x00000000d5580000)
  object space 1398272K, 3% used [0x0000000080000000,0x00000000831bf2a0,0x00000000d5580000)
 Metaspace       used 64738K, committed 66176K, reserved 1114112K
  class space    used 6859K, committed 7488K, reserved 1048576K
}
Event: 324.296 GC heap after
{Heap after GC invocations=42 (full 4):
 PSYoungGen      total 16896K, used 0K [0x00000000d5580000, 0x00000000d6a80000, 0x0000000100000000)
  eden space 16384K, 0% used [0x00000000d5580000,0x00000000d5580000,0x00000000d6580000)
  from space 512K, 0% used [0x00000000d6580000,0x00000000d6580000,0x00000000d6600000)
  to   space 512K, 0% used [0x00000000d6a00000,0x00000000d6a00000,0x00000000d6a80000)
 ParOldGen       total 70144K, used 43505K [0x0000000080000000, 0x0000000084480000, 0x00000000d5580000)
  object space 70144K, 62% used [0x0000000080000000,0x0000000082a7c560,0x0000000084480000)
 Metaspace       used 64738K, committed 66176K, reserved 1114112K
  class space    used 6859K, committed 7488K, reserved 1048576K
}
Event: 324.304 GC heap before
{Heap before GC invocations=43 (full 4):
 PSYoungGen      total 16896K, used 0K [0x00000000d5580000, 0x00000000d6a80000, 0x0000000100000000)
  eden space 16384K, 0% used [0x00000000d5580000,0x00000000d5580000,0x00000000d6580000)
  from space 512K, 0% used [0x00000000d6580000,0x00000000d6580000,0x00000000d6600000)
  to   space 512K, 0% used [0x00000000d6a00000,0x00000000d6a00000,0x00000000d6a80000)
 ParOldGen       total 1398272K, used 43505K [0x0000000080000000, 0x00000000d5580000, 0x00000000d5580000)
  object space 1398272K, 3% used [0x0000000080000000,0x0000000082a7c560,0x00000000d5580000)
 Metaspace       used 64738K, committed 66176K, reserved 1114112K
  class space    used 6859K, committed 7488K, reserved 1048576K
}
Event: 324.305 GC heap after
{Heap after GC invocations=43 (full 4):
 PSYoungGen      total 16896K, used 0K [0x00000000d5580000, 0x00000000d6a80000, 0x0000000100000000)
  eden space 16384K, 0% used [0x00000000d5580000,0x00000000d5580000,0x00000000d6580000)
  from space 512K, 0% used [0x00000000d6a00000,0x00000000d6a00000,0x00000000d6a80000)
  to   space 512K, 0% used [0x00000000d6580000,0x00000000d6580000,0x00000000d6600000)
 ParOldGen       total 1398272K, used 43505K [0x0000000080000000, 0x00000000d5580000, 0x00000000d5580000)
  object space 1398272K, 3% used [0x0000000080000000,0x0000000082a7c560,0x00000000d5580000)
 Metaspace       used 64738K, committed 66176K, reserved 1114112K
  class space    used 6859K, committed 7488K, reserved 1048576K
}
Event: 324.305 GC heap before
{Heap before GC invocations=44 (full 5):
 PSYoungGen      total 16896K, used 0K [0x00000000d5580000, 0x00000000d6a80000, 0x0000000100000000)
  eden space 16384K, 0% used [0x00000000d5580000,0x00000000d5580000,0x00000000d6580000)
  from space 512K, 0% used [0x00000000d6a00000,0x00000000d6a00000,0x00000000d6a80000)
  to   space 512K, 0% used [0x00000000d6580000,0x00000000d6580000,0x00000000d6600000)
 ParOldGen       total 1398272K, used 43505K [0x0000000080000000, 0x00000000d5580000, 0x00000000d5580000)
  object space 1398272K, 3% used [0x0000000080000000,0x0000000082a7c560,0x00000000d5580000)
 Metaspace       used 64738K, committed 66176K, reserved 1114112K
  class space    used 6859K, committed 7488K, reserved 1048576K
}
Event: 324.735 GC heap after
{Heap after GC invocations=44 (full 5):
 PSYoungGen      total 16896K, used 0K [0x00000000d5580000, 0x00000000d6a80000, 0x0000000100000000)
  eden space 16384K, 0% used [0x00000000d5580000,0x00000000d5580000,0x00000000d6580000)
  from space 512K, 0% used [0x00000000d6580000,0x00000000d6580000,0x00000000d6600000)
  to   space 512K, 0% used [0x00000000d6a00000,0x00000000d6a00000,0x00000000d6a80000)
 ParOldGen       total 84992K, used 38559K [0x0000000080000000, 0x0000000085300000, 0x00000000d5580000)
  object space 84992K, 45% used [0x0000000080000000,0x00000000825a7f80,0x0000000085300000)
 Metaspace       used 64451K, committed 66176K, reserved 1114112K
  class space    used 6780K, committed 7488K, reserved 1048576K
}

Dll operation events (20 events):
Event: 0.028 Attempting to load shared library c:\Users\Hype GLK\.vscode\extensions\redhat.java-1.56.0-win32-x64\jre\21.0.12.1-win32-x86_64\bin\java.dll
Event: 0.028 Loaded shared library c:\Users\Hype GLK\.vscode\extensions\redhat.java-1.56.0-win32-x64\jre\21.0.12.1-win32-x86_64\bin\java.dll
Event: 0.860 Attempting to load shared library c:\Users\Hype GLK\.vscode\extensions\redhat.java-1.56.0-win32-x64\jre\21.0.12.1-win32-x86_64\bin\zip.dll
Event: 0.861 Loaded shared library c:\Users\Hype GLK\.vscode\extensions\redhat.java-1.56.0-win32-x64\jre\21.0.12.1-win32-x86_64\bin\zip.dll
Event: 1.252 Attempting to load shared library C:\Users\Hype GLK\.vscode\extensions\redhat.java-1.56.0-win32-x64\jre\21.0.12.1-win32-x86_64\bin\instrument.dll
Event: 1.252 Loaded shared library C:\Users\Hype GLK\.vscode\extensions\redhat.java-1.56.0-win32-x64\jre\21.0.12.1-win32-x86_64\bin\instrument.dll
Event: 1.265 Attempting to load shared library C:\Users\Hype GLK\.vscode\extensions\redhat.java-1.56.0-win32-x64\jre\21.0.12.1-win32-x86_64\bin\net.dll
Event: 1.270 Loaded shared library C:\Users\Hype GLK\.vscode\extensions\redhat.java-1.56.0-win32-x64\jre\21.0.12.1-win32-x86_64\bin\net.dll
Event: 1.274 Attempting to load shared library C:\Users\Hype GLK\.vscode\extensions\redhat.java-1.56.0-win32-x64\jre\21.0.12.1-win32-x86_64\bin\nio.dll
Event: 1.275 Loaded shared library C:\Users\Hype GLK\.vscode\extensions\redhat.java-1.56.0-win32-x64\jre\21.0.12.1-win32-x86_64\bin\nio.dll
Event: 1.284 Attempting to load shared library C:\Users\Hype GLK\.vscode\extensions\redhat.java-1.56.0-win32-x64\jre\21.0.12.1-win32-x86_64\bin\zip.dll
Event: 1.284 Loaded shared library C:\Users\Hype GLK\.vscode\extensions\redhat.java-1.56.0-win32-x64\jre\21.0.12.1-win32-x86_64\bin\zip.dll
Event: 1.616 Attempting to load shared library C:\Users\Hype GLK\.vscode\extensions\redhat.java-1.56.0-win32-x64\jre\21.0.12.1-win32-x86_64\bin\jimage.dll
Event: 1.616 Loaded shared library C:\Users\Hype GLK\.vscode\extensions\redhat.java-1.56.0-win32-x64\jre\21.0.12.1-win32-x86_64\bin\jimage.dll
Event: 2.018 Attempting to load shared library c:\Users\Hype GLK\.vscode\extensions\redhat.java-1.56.0-win32-x64\jre\21.0.12.1-win32-x86_64\bin\verify.dll
Event: 2.019 Loaded shared library c:\Users\Hype GLK\.vscode\extensions\redhat.java-1.56.0-win32-x64\jre\21.0.12.1-win32-x86_64\bin\verify.dll
Event: 11.047 Attempting to load shared library C:\Users\Hype GLK\AppData\Roaming\Code\User\globalStorage\redhat.java\1.56.0\config_win\org.eclipse.equinox.launcher\org.eclipse.equinox.launcher.win32.win32.x86_64_1.3.100.v20260804-1928\eclipse_11924.dll
Event: 11.049 Loaded shared library C:\Users\Hype GLK\AppData\Roaming\Code\User\globalStorage\redhat.java\1.56.0\config_win\org.eclipse.equinox.launcher\org.eclipse.equinox.launcher.win32.win32.x86_64_1.3.100.v20260804-1928\eclipse_11924.dll
Event: 63.293 Attempting to load shared library C:\Users\Hype GLK\AppData\Local\Temp\jna--52147252\jna5930392162731337934.dll
Event: 63.691 Loaded shared library C:\Users\Hype GLK\AppData\Local\Temp\jna--52147252\jna5930392162731337934.dll

Deoptimization events (20 events):
Event: 328.463 Thread 0x0000020f7c6f79f0 Uncommon trap: trap_request=0xffffffde fr.pc=0x0000020f6b163170 relative=0x00000000000002d0
Event: 328.463 Thread 0x0000020f7c6f79f0 Uncommon trap: reason=class_check action=maybe_recompile pc=0x0000020f6b163170 method=java.io.DataOutputStream.writeByte(I)V @ 5 c2
Event: 328.463 Thread 0x0000020f7c6f79f0 DEOPT PACKING pc=0x0000020f6b163170 sp=0x000000c9f3fff070
Event: 328.463 Thread 0x0000020f7c6f79f0 DEOPT UNPACKING pc=0x0000020f6aa43a9c sp=0x000000c9f3fff028 mode 2
Event: 328.465 Thread 0x0000020f7c6f79f0 Uncommon trap: trap_request=0xffffffde fr.pc=0x0000020f6b163170 relative=0x00000000000002d0
Event: 328.465 Thread 0x0000020f7c6f79f0 Uncommon trap: reason=class_check action=maybe_recompile pc=0x0000020f6b163170 method=java.io.DataOutputStream.writeByte(I)V @ 5 c2
Event: 328.467 Thread 0x0000020f7c6f79f0 DEOPT PACKING pc=0x0000020f6b163170 sp=0x000000c9f3ffefe0
Event: 328.467 Thread 0x0000020f7c6f79f0 DEOPT UNPACKING pc=0x0000020f6aa43a9c sp=0x000000c9f3ffef98 mode 2
Event: 328.467 Thread 0x0000020f7c6f79f0 Uncommon trap: trap_request=0xffffffde fr.pc=0x0000020f6b163170 relative=0x00000000000002d0
Event: 328.467 Thread 0x0000020f7c6f79f0 Uncommon trap: reason=class_check action=maybe_recompile pc=0x0000020f6b163170 method=java.io.DataOutputStream.writeByte(I)V @ 5 c2
Event: 328.467 Thread 0x0000020f7c6f79f0 DEOPT PACKING pc=0x0000020f6b163170 sp=0x000000c9f3ffefe0
Event: 328.467 Thread 0x0000020f7c6f79f0 DEOPT UNPACKING pc=0x0000020f6aa43a9c sp=0x000000c9f3ffef98 mode 2
Event: 328.484 Thread 0x0000020f7c6f79f0 Uncommon trap: trap_request=0xffffff45 fr.pc=0x0000020f6b110ec4 relative=0x00000000000001a4
Event: 328.484 Thread 0x0000020f7c6f79f0 Uncommon trap: reason=unstable_if action=reinterpret pc=0x0000020f6b110ec4 method=jdk.internal.org.objectweb.asm.Frame.push(I)V @ 26 c2
Event: 328.484 Thread 0x0000020f7c6f79f0 DEOPT PACKING pc=0x0000020f6b110ec4 sp=0x000000c9f3ffd7b0
Event: 328.484 Thread 0x0000020f7c6f79f0 DEOPT UNPACKING pc=0x0000020f6aa43a9c sp=0x000000c9f3ffd738 mode 2
Event: 328.708 Thread 0x0000020f7c6f79f0 Uncommon trap: trap_request=0xffffffc6 fr.pc=0x0000020f6b502ad0 relative=0x0000000000002df0
Event: 328.708 Thread 0x0000020f7c6f79f0 Uncommon trap: reason=bimorphic_or_optimized_type_check action=maybe_recompile pc=0x0000020f6b502ad0 method=java.util.Properties.load0(Ljava/util/Properties$LineReader;)V @ 241 c2
Event: 328.708 Thread 0x0000020f7c6f79f0 DEOPT PACKING pc=0x0000020f6b502ad0 sp=0x000000c9f3fff050
Event: 328.708 Thread 0x0000020f7c6f79f0 DEOPT UNPACKING pc=0x0000020f6aa43a9c sp=0x000000c9f3fff060 mode 2

Classes loaded (20 events):
Event: 327.152 Loading class java/util/stream/Nodes$ConcNode
Event: 327.152 Loading class java/util/stream/Nodes$AbstractConcNode
Event: 327.152 Loading class java/util/stream/Nodes$AbstractConcNode done
Event: 327.152 Loading class java/util/stream/Nodes$ConcNode done
Event: 327.174 Loading class java/util/concurrent/ConcurrentHashMap$EntrySpliterator
Event: 327.174 Loading class java/util/concurrent/ConcurrentHashMap$EntrySpliterator done
Event: 328.023 Loading class java/util/zip/Deflater
Event: 328.024 Loading class java/util/zip/Deflater done
Event: 328.026 Loading class java/util/zip/Deflater$DeflaterZStreamRef
Event: 328.027 Loading class java/util/zip/Deflater$DeflaterZStreamRef done
Event: 328.439 Loading class java/util/stream/Nodes$ToArrayTask$OfRef
Event: 328.439 Loading class java/util/stream/Nodes$ToArrayTask
Event: 328.439 Loading class java/util/stream/Nodes$ToArrayTask done
Event: 328.439 Loading class java/util/stream/Nodes$ToArrayTask$OfRef done
Event: 328.443 Loading class java/io/ObjectOutputStream$BlockDataOutputStream
Event: 328.446 Loading class java/io/ObjectOutputStream$BlockDataOutputStream done
Event: 328.447 Loading class java/io/ObjectOutputStream$HandleTable
Event: 328.447 Loading class java/io/ObjectOutputStream$HandleTable done
Event: 328.447 Loading class java/io/ObjectOutputStream$ReplaceTable
Event: 328.447 Loading class java/io/ObjectOutputStream$ReplaceTable done

Classes unloaded (20 events):
Event: 324.368 Thread 0x0000020f6037e7b0 Unloading class 0x0000020f01014800 'java/lang/invoke/LambdaForm$MH+0x0000020f01014800'
Event: 324.368 Thread 0x0000020f6037e7b0 Unloading class 0x0000020f0100d800 'java/lang/invoke/LambdaForm$MH+0x0000020f0100d800'
Event: 324.368 Thread 0x0000020f6037e7b0 Unloading class 0x0000020f0100d400 'java/lang/invoke/LambdaForm$MH+0x0000020f0100d400'
Event: 324.368 Thread 0x0000020f6037e7b0 Unloading class 0x0000020f0100d000 'java/lang/invoke/LambdaForm$MH+0x0000020f0100d000'
Event: 324.368 Thread 0x0000020f6037e7b0 Unloading class 0x0000020f0100cc00 'java/lang/invoke/LambdaForm$MH+0x0000020f0100cc00'
Event: 324.368 Thread 0x0000020f6037e7b0 Unloading class 0x0000020f0100c800 'java/lang/invoke/LambdaForm$BMH+0x0000020f0100c800'
Event: 324.368 Thread 0x0000020f6037e7b0 Unloading class 0x0000020f0100c000 'java/lang/invoke/LambdaForm$DMH+0x0000020f0100c000'
Event: 324.368 Thread 0x0000020f6037e7b0 Unloading class 0x0000020f01008c00 'java/lang/invoke/LambdaForm$MH+0x0000020f01008c00'
Event: 324.368 Thread 0x0000020f6037e7b0 Unloading class 0x0000020f01008800 'java/lang/invoke/LambdaForm$MH+0x0000020f01008800'
Event: 324.368 Thread 0x0000020f6037e7b0 Unloading class 0x0000020f01008400 'java/lang/invoke/LambdaForm$MH+0x0000020f01008400'
Event: 324.368 Thread 0x0000020f6037e7b0 Unloading class 0x0000020f01007000 'java/lang/invoke/LambdaForm$MH+0x0000020f01007000'
Event: 324.368 Thread 0x0000020f6037e7b0 Unloading class 0x0000020f01006c00 'java/lang/invoke/LambdaForm$MH+0x0000020f01006c00'
Event: 324.368 Thread 0x0000020f6037e7b0 Unloading class 0x0000020f01006800 'java/lang/invoke/LambdaForm$MH+0x0000020f01006800'
Event: 324.368 Thread 0x0000020f6037e7b0 Unloading class 0x0000020f01006400 'java/lang/invoke/LambdaForm$MH+0x0000020f01006400'
Event: 324.368 Thread 0x0000020f6037e7b0 Unloading class 0x0000020f01005c00 'java/lang/invoke/LambdaForm$BMH+0x0000020f01005c00'
Event: 324.368 Thread 0x0000020f6037e7b0 Unloading class 0x0000020f01004800 'java/lang/invoke/LambdaForm$DMH+0x0000020f01004800'
Event: 324.368 Thread 0x0000020f6037e7b0 Unloading class 0x0000020f01002400 'java/lang/invoke/LambdaForm$MH+0x0000020f01002400'
Event: 324.368 Thread 0x0000020f6037e7b0 Unloading class 0x0000020f01002000 'java/lang/invoke/LambdaForm$MH+0x0000020f01002000'
Event: 324.368 Thread 0x0000020f6037e7b0 Unloading class 0x0000020f01001800 'java/lang/invoke/LambdaForm$MH+0x0000020f01001800'
Event: 324.368 Thread 0x0000020f6037e7b0 Unloading class 0x0000020f01000400 'java/lang/invoke/LambdaForm$MH+0x0000020f01000400'

Classes redefined (0 events):
No events

Internal exceptions (20 events):
Event: 192.918 Thread 0x0000020f7de085f0 Exception <a 'java/lang/ArrayIndexOutOfBoundsException'{0x00000000d5e51af8}> (0x00000000d5e51af8) 
thrown [s\src\hotspot\share\runtime\sharedRuntime.cpp, line 625]
Event: 242.117 Thread 0x0000020f7de06520 Exception <a 'java/lang/IncompatibleClassChangeError'{0x00000000d6002018}: Found class java.lang.Object, but interface was expected> (0x00000000d6002018) 
thrown [s\src\hotspot\share\interpreter\linkResolver.cpp, line 840]
Event: 242.152 Thread 0x0000020f7de03730 Exception <a 'java/lang/NoSuchMethodError'{0x00000000d603be68}: 'java.lang.Object java.lang.invoke.DirectMethodHandle$Holder.invokeSpecial(java.lang.Object, java.lang.Object, java.lang.Object, java.lang.Object, int, java.lang.Object, java.lang.Object)'> (0x00000000d603be68) 
thrown [s\src\hotspot\share\interpreter\linkResolver.cpp, line 773]
Event: 249.207 Thread 0x0000020f7de03730 Exception <a 'java/lang/ArrayIndexOutOfBoundsException'{0x00000000d6257940}> (0x00000000d6257940) 
thrown [s\src\hotspot\share\runtime\sharedRuntime.cpp, line 625]
Event: 315.793 Thread 0x0000020f7c6f7360 Exception <a 'sun/nio/fs/WindowsException'{0x00000000d5632590}> (0x00000000d5632590) 
thrown [s\src\hotspot\share\prims\jni.cpp, line 520]
Event: 315.816 Thread 0x0000020f7c6f7360 Exception <a 'sun/nio/fs/WindowsException'{0x00000000d5681380}> (0x00000000d5681380) 
thrown [s\src\hotspot\share\prims\jni.cpp, line 520]
Event: 322.629 Thread 0x0000020f7de06520 Exception <a 'java/lang/IncompatibleClassChangeError'{0x00000000d5d79840}: Found class java.lang.Object, but interface was expected> (0x00000000d5d79840) 
thrown [s\src\hotspot\share\interpreter\linkResolver.cpp, line 840]
Event: 322.630 Thread 0x0000020f7de06520 Exception <a 'java/lang/IncompatibleClassChangeError'{0x00000000d5d7b2b8}: Found class java.lang.Object, but interface was expected> (0x00000000d5d7b2b8) 
thrown [s\src\hotspot\share\interpreter\linkResolver.cpp, line 840]
Event: 324.747 Thread 0x0000020f7c6f79f0 Implicit null exception at 0x0000020f6b18aee8 to 0x0000020f6b18afd8
Event: 324.767 Thread 0x0000020f7c6f79f0 Implicit null exception at 0x0000020f6b001d8e to 0x0000020f6b001e35
Event: 325.307 Thread 0x0000020f7c6f7360 Exception <a 'java/lang/OutOfMemoryError'{0x00000000800fed60}> (0x00000000800fed60) 
thrown [s\src\hotspot\share\gc\shared\memAllocator.cpp, line 136]
Event: 325.307 Thread 0x0000020f7c6f7360 Implicit null exception at 0x0000020f6b279cb1 to 0x0000020f6b279f0c
Event: 325.321 Thread 0x0000020f7c6f7360 Exception <a 'java/lang/NoSuchMethodError'{0x00000000d5760da8}: 'java.lang.Object java.lang.invoke.DirectMethodHandle$Holder.invokeSpecial(java.lang.Object, java.lang.Object, java.lang.Object, int, int)'> (0x00000000d5760da8) 
thrown [s\src\hotspot\share\interpreter\linkResolver.cpp, line 773]
Event: 325.323 Thread 0x0000020f7c6f7360 Exception <a 'java/lang/NoSuchMethodError'{0x00000000d5764858}: 'java.lang.Object java.lang.invoke.Invokers$Holder.linkToTargetMethod(java.lang.Object, int, int, java.lang.Object)'> (0x00000000d5764858) 
thrown [s\src\hotspot\share\interpreter\linkResolver.cpp, line 773]
Event: 325.334 Thread 0x0000020f7c6f7360 Implicit null exception at 0x0000020f6b469189 to 0x0000020f6b46a440
Event: 325.336 Thread 0x0000020f7c6f7360 Exception <a 'java/lang/NoSuchMethodError'{0x00000000d57ba550}: 'void java.lang.invoke.DelegatingMethodHandle$Holder.reinvoke_L(java.lang.Object, java.lang.Object, int)'> (0x00000000d57ba550) 
thrown [s\src\hotspot\share\interpreter\linkResolver.cpp, line 773]
Event: 325.341 Thread 0x0000020f7c6f7360 Exception <a 'java/io/FileNotFoundException'{0x00000000d57d4dd8}> (0x00000000d57d4dd8) 
thrown [s\src\hotspot\share\prims\jni.cpp, line 520]
Event: 326.094 Thread 0x0000020f7c6f7360 Exception <a 'sun/nio/fs/WindowsException'{0x00000000d598d4b0}> (0x00000000d598d4b0) 
thrown [s\src\hotspot\share\prims\jni.cpp, line 520]
Event: 326.099 Thread 0x0000020f7c6f7360 Exception <a 'java/io/FileNotFoundException'{0x00000000d59906d0}> (0x00000000d59906d0) 
thrown [s\src\hotspot\share\prims\jni.cpp, line 520]
Event: 328.485 Thread 0x0000020f7c6f79f0 Exception <a 'java/lang/NoSuchMethodError'{0x00000000d5fcbd88}: 'java.lang.Object java.lang.invoke.DirectMethodHandle$Holder.newInvokeSpecial(java.lang.Object, java.lang.Object, java.lang.Object, java.lang.Object, java.lang.Object, java.lang.Object, java.lang.Object, java.lang.Object, java.lang.Object, java.lang.Object)'> (0x00000000d5fcbd88) 
thrown [s\src\hotspot\share\interpreter\linkResolver.cpp, line 773]

ZGC Phase Switch (0 events):
No events

VM Operations (20 events):
Event: 12812.405 Executing non-safepoint VM operation: HandshakeAllThreads (HandshakeForDeflation)
Event: 12812.405 Executing non-safepoint VM operation: HandshakeAllThreads (HandshakeForDeflation) done
Event: 12812.407 Executing non-safepoint VM operation: RendezvousGCThreads
Event: 12812.407 Executing non-safepoint VM operation: RendezvousGCThreads done
Event: 13233.662 Executing non-safepoint VM operation: HandshakeAllThreads (HandshakeForDeflation)
Event: 13233.662 Executing non-safepoint VM operation: HandshakeAllThreads (HandshakeForDeflation) done
Event: 13233.670 Executing non-safepoint VM operation: RendezvousGCThreads
Event: 13233.670 Executing non-safepoint VM operation: RendezvousGCThreads done
Event: 13293.797 Executing non-safepoint VM operation: HandshakeAllThreads (HandshakeForDeflation)
Event: 13293.797 Executing non-safepoint VM operation: HandshakeAllThreads (HandshakeForDeflation) done
Event: 13293.797 Executing non-safepoint VM operation: RendezvousGCThreads
Event: 13293.797 Executing non-safepoint VM operation: RendezvousGCThreads done
Event: 13534.610 Executing non-safepoint VM operation: HandshakeAllThreads (HandshakeForDeflation)
Event: 13534.611 Executing non-safepoint VM operation: HandshakeAllThreads (HandshakeForDeflation) done
Event: 13534.611 Executing non-safepoint VM operation: RendezvousGCThreads
Event: 13534.611 Executing non-safepoint VM operation: RendezvousGCThreads done
Event: 31890.795 Executing non-safepoint VM operation: HandshakeAllThreads (HandshakeForDeflation)
Event: 31890.795 Executing non-safepoint VM operation: HandshakeAllThreads (HandshakeForDeflation) done
Event: 31890.795 Executing non-safepoint VM operation: RendezvousGCThreads
Event: 31890.795 Executing non-safepoint VM operation: RendezvousGCThreads done

Memory protections (0 events):
No events

Nmethod flushes (20 events):
Event: 324.395 Thread 0x0000020f6037e7b0 flushing  nmethod 0x0000020f64494a10
Event: 324.395 Thread 0x0000020f6037e7b0 flushing  nmethod 0x0000020f64498290
Event: 324.395 Thread 0x0000020f6037e7b0 flushing  nmethod 0x0000020f644b9a10
Event: 324.395 Thread 0x0000020f6037e7b0 flushing  nmethod 0x0000020f644c3e10
Event: 324.395 Thread 0x0000020f6037e7b0 flushing  nmethod 0x0000020f644dfd90
Event: 324.395 Thread 0x0000020f6037e7b0 flushing  nmethod 0x0000020f644e5990
Event: 324.395 Thread 0x0000020f6037e7b0 flushing  nmethod 0x0000020f644f9f90
Event: 324.395 Thread 0x0000020f6037e7b0 flushing  nmethod 0x0000020f64511310
Event: 324.395 Thread 0x0000020f6037e7b0 flushing  nmethod 0x0000020f64524410
Event: 324.395 Thread 0x0000020f6037e7b0 flushing  nmethod 0x0000020f64526590
Event: 324.395 Thread 0x0000020f6037e7b0 flushing  nmethod 0x0000020f64527690
Event: 324.395 Thread 0x0000020f6037e7b0 flushing  nmethod 0x0000020f64573510
Event: 324.395 Thread 0x0000020f6037e7b0 flushing  nmethod 0x0000020f64584210
Event: 324.395 Thread 0x0000020f6037e7b0 flushing  nmethod 0x0000020f645aa610
Event: 324.395 Thread 0x0000020f6037e7b0 flushing  nmethod 0x0000020f645bf510
Event: 324.395 Thread 0x0000020f6037e7b0 flushing  nmethod 0x0000020f645f1210
Event: 324.395 Thread 0x0000020f6037e7b0 flushing  nmethod 0x0000020f6465d390
Event: 324.395 Thread 0x0000020f6037e7b0 flushing  nmethod 0x0000020f646a6510
Event: 324.395 Thread 0x0000020f6037e7b0 flushing  nmethod 0x0000020f646d9190
Event: 324.395 Thread 0x0000020f6037e7b0 flushing  nmethod 0x0000020f6472ca10

Events (20 events):
Event: 323.853 Thread 0x0000020f7de06520 Thread added: 0x0000020f7de03730
Event: 323.893 Thread 0x0000020f7de03730 Thread exited: 0x0000020f7de03730
Event: 323.947 Thread 0x0000020f7de06520 Thread added: 0x0000020f7de03730
Event: 324.043 Thread 0x0000020f7de03730 Thread exited: 0x0000020f7de03730
Event: 324.743 Thread 0x0000020f7c6f79f0 Thread added: 0x0000020f7de05800
Event: 326.453 Thread 0x0000020f7de06520 Thread added: 0x0000020f7de03730
Event: 326.457 Thread 0x0000020f7de06520 Thread added: 0x0000020f7de03dc0
Event: 326.731 Thread 0x0000020f7de03dc0 Thread exited: 0x0000020f7de03dc0
Event: 327.055 Thread 0x0000020f7c6f79f0 Thread added: 0x0000020f7de03dc0
Event: 327.154 Thread 0x0000020f7de03dc0 Thread exited: 0x0000020f7de03dc0
Event: 327.215 Thread 0x0000020f7c6f79f0 Thread added: 0x0000020f7de0a030
Event: 328.445 Thread 0x0000020f7de0a030 Thread exited: 0x0000020f7de0a030
Event: 328.446 Thread 0x0000020f7de03730 Thread exited: 0x0000020f7de03730
Event: 328.489 Thread 0x0000020f7c6f79f0 Thread added: 0x0000020f7de03730
Event: 328.683 Thread 0x0000020f7de03730 Thread exited: 0x0000020f7de03730
Event: 385.446 Thread 0x0000020f7de05170 Thread exited: 0x0000020f7de05170
Event: 425.134 Thread 0x0000020f7de05800 Thread exited: 0x0000020f7de05800
Event: 425.134 Thread 0x0000020f7de06bb0 Thread exited: 0x0000020f7de06bb0
Event: 460.056 Thread 0x0000020f7de05e90 Thread exited: 0x0000020f7de05e90
Event: 464.953 Thread 0x0000020f7de07240 Thread exited: 0x0000020f7de07240


Dynamic libraries:
0x00007ff6578d0000 - 0x00007ff6578de000 	c:\Users\Hype GLK\.vscode\extensions\redhat.java-1.56.0-win32-x64\jre\21.0.12.1-win32-x86_64\bin\java.exe
0x00007ffcc8020000 - 0x00007ffcc8287000 	C:\WINDOWS\SYSTEM32\ntdll.dll
0x00007ffcc5d40000 - 0x00007ffcc5e0b000 	C:\WINDOWS\System32\KERNEL32.DLL
0x00007ffcc5750000 - 0x00007ffcc5b52000 	C:\WINDOWS\System32\KERNELBASE.dll
0x00007ffcc5530000 - 0x00007ffcc567c000 	C:\WINDOWS\System32\ucrtbase.dll
0x00007ffc69080000 - 0x00007ffc69098000 	c:\Users\Hype GLK\.vscode\extensions\redhat.java-1.56.0-win32-x64\jre\21.0.12.1-win32-x86_64\bin\jli.dll
0x00007ffcc6890000 - 0x00007ffcc6a5f000 	C:\WINDOWS\System32\USER32.dll
0x00007ffcc52e0000 - 0x00007ffcc5307000 	C:\WINDOWS\System32\win32u.dll
0x00007ffcc66e0000 - 0x00007ffcc670b000 	C:\WINDOWS\System32\GDI32.dll
0x00007ffcc5c10000 - 0x00007ffcc5d39000 	C:\WINDOWS\System32\gdi32full.dll
0x00007ffcc5b60000 - 0x00007ffcc5c03000 	C:\WINDOWS\System32\msvcp_win.dll
0x00007ffc68e20000 - 0x00007ffc68e3e000 	c:\Users\Hype GLK\.vscode\extensions\redhat.java-1.56.0-win32-x64\jre\21.0.12.1-win32-x86_64\bin\VCRUNTIME140.dll
0x00007ffcb1160000 - 0x00007ffcb13f0000 	C:\WINDOWS\WinSxS\amd64_microsoft.windows.common-controls_6595b64144ccf1df_6.0.26100.9278_none_3e0d1ba8e3303201\COMCTL32.dll
0x00007ffcc61c0000 - 0x00007ffcc6269000 	C:\WINDOWS\System32\msvcrt.dll
0x00007ffcc6710000 - 0x00007ffcc6741000 	C:\WINDOWS\System32\IMM32.DLL
0x00007ffcaef80000 - 0x00007ffcaef8c000 	c:\Users\Hype GLK\.vscode\extensions\redhat.java-1.56.0-win32-x64\jre\21.0.12.1-win32-x86_64\bin\vcruntime140_1.dll
0x00007ffc68d90000 - 0x00007ffc68e1d000 	c:\Users\Hype GLK\.vscode\extensions\redhat.java-1.56.0-win32-x64\jre\21.0.12.1-win32-x86_64\bin\msvcp140.dll
0x00007ffc1a0e0000 - 0x00007ffc1ae82000 	c:\Users\Hype GLK\.vscode\extensions\redhat.java-1.56.0-win32-x64\jre\21.0.12.1-win32-x86_64\bin\server\jvm.dll
0x00007ffcc72d0000 - 0x00007ffcc738c000 	C:\WINDOWS\System32\ADVAPI32.dll
0x00007ffcc67e0000 - 0x00007ffcc6889000 	C:\WINDOWS\System32\sechost.dll
0x00007ffcc6010000 - 0x00007ffcc6128000 	C:\WINDOWS\System32\RPCRT4.dll
0x00007ffcc73a0000 - 0x00007ffcc7420000 	C:\WINDOWS\System32\WS2_32.dll
0x00007ffcc5080000 - 0x00007ffcc50de000 	C:\WINDOWS\SYSTEM32\POWRPROF.dll
0x00007ffcac6e0000 - 0x00007ffcac716000 	C:\WINDOWS\SYSTEM32\WINMM.dll
0x00007ffcb5570000 - 0x00007ffcb557b000 	C:\WINDOWS\SYSTEM32\VERSION.dll
0x00007ffcc5060000 - 0x00007ffcc5075000 	C:\WINDOWS\SYSTEM32\UMPDC.dll
0x00007ffcc3ef0000 - 0x00007ffcc3f0b000 	C:\WINDOWS\SYSTEM32\kernel.appcore.dll
0x00007ffca98c0000 - 0x00007ffca98ca000 	c:\Users\Hype GLK\.vscode\extensions\redhat.java-1.56.0-win32-x64\jre\21.0.12.1-win32-x86_64\bin\jimage.dll
0x00007ffcc2980000 - 0x00007ffcc2bcc000 	C:\WINDOWS\SYSTEM32\DBGHELP.DLL
0x00007ffcc7430000 - 0x00007ffcc77b5000 	C:\WINDOWS\System32\combase.dll
0x00007ffcc65b0000 - 0x00007ffcc6689000 	C:\WINDOWS\System32\OLEAUT32.dll
0x00007ffcb23d0000 - 0x00007ffcb240b000 	C:\WINDOWS\SYSTEM32\dbgcore.DLL
0x00007ffcc5220000 - 0x00007ffcc52cc000 	C:\WINDOWS\System32\bcryptPrimitives.dll
0x00007ffc9bf90000 - 0x00007ffc9bf9f000 	c:\Users\Hype GLK\.vscode\extensions\redhat.java-1.56.0-win32-x64\jre\21.0.12.1-win32-x86_64\bin\instrument.dll
0x00007ffc68be0000 - 0x00007ffc68c00000 	c:\Users\Hype GLK\.vscode\extensions\redhat.java-1.56.0-win32-x64\jre\21.0.12.1-win32-x86_64\bin\java.dll
0x00007ffcc77c0000 - 0x00007ffcc7f58000 	C:\WINDOWS\System32\SHELL32.dll
0x00007ffcc2cc0000 - 0x00007ffcc356e000 	C:\WINDOWS\SYSTEM32\windows.storage.dll
0x00007ffcc5f10000 - 0x00007ffcc600b000 	C:\WINDOWS\System32\SHCORE.dll
0x00007ffcc6330000 - 0x00007ffcc6396000 	C:\WINDOWS\System32\shlwapi.dll
0x00007ffcc5110000 - 0x00007ffcc5139000 	C:\WINDOWS\SYSTEM32\profapi.dll
0x00007ffc68d00000 - 0x00007ffc68d18000 	c:\Users\Hype GLK\.vscode\extensions\redhat.java-1.56.0-win32-x64\jre\21.0.12.1-win32-x86_64\bin\zip.dll
0x00007ffc8ee00000 - 0x00007ffc8ee10000 	C:\Users\Hype GLK\.vscode\extensions\redhat.java-1.56.0-win32-x64\jre\21.0.12.1-win32-x86_64\bin\net.dll
0x00007ffcb4de0000 - 0x00007ffcb4f0a000 	C:\WINDOWS\SYSTEM32\WINHTTP.dll
0x00007ffcc44b0000 - 0x00007ffcc451c000 	C:\WINDOWS\system32\mswsock.dll
0x00007ffc68ce0000 - 0x00007ffc68cf6000 	C:\Users\Hype GLK\.vscode\extensions\redhat.java-1.56.0-win32-x64\jre\21.0.12.1-win32-x86_64\bin\nio.dll
0x00007ffc75340000 - 0x00007ffc75350000 	c:\Users\Hype GLK\.vscode\extensions\redhat.java-1.56.0-win32-x64\jre\21.0.12.1-win32-x86_64\bin\verify.dll
0x00007ffc68d40000 - 0x00007ffc68d85000 	C:\Users\Hype GLK\AppData\Roaming\Code\User\globalStorage\redhat.java\1.56.0\config_win\org.eclipse.equinox.launcher\org.eclipse.equinox.launcher.win32.win32.x86_64_1.3.100.v20260804-1928\eclipse_11924.dll
0x00007ffcc6bd0000 - 0x00007ffcc6d6a000 	C:\WINDOWS\System32\ole32.dll
0x00007ffcc47a0000 - 0x00007ffcc47bb000 	C:\WINDOWS\SYSTEM32\CRYPTSP.dll
0x00007ffcc3e50000 - 0x00007ffcc3e89000 	C:\WINDOWS\system32\rsaenh.dll
0x00007ffcc4560000 - 0x00007ffcc4594000 	C:\WINDOWS\SYSTEM32\USERENV.dll
0x00007ffcc5140000 - 0x00007ffcc516a000 	C:\WINDOWS\SYSTEM32\bcrypt.dll
0x00007ffcc47c0000 - 0x00007ffcc47cc000 	C:\WINDOWS\SYSTEM32\CRYPTBASE.dll
0x00007ffcc3970000 - 0x00007ffcc39a3000 	C:\WINDOWS\SYSTEM32\IPHLPAPI.DLL
0x00007ffcc6130000 - 0x00007ffcc613a000 	C:\WINDOWS\System32\NSI.dll
0x00007ffc67f80000 - 0x00007ffc67fc9000 	C:\Users\Hype GLK\AppData\Local\Temp\jna--52147252\jna5930392162731337934.dll
0x00007ffcc7200000 - 0x00007ffcc7208000 	C:\WINDOWS\System32\PSAPI.DLL
0x00007ffcb5580000 - 0x00007ffcb559d000 	C:\WINDOWS\SYSTEM32\dhcpcsvc6.DLL
0x00007ffcb4b80000 - 0x00007ffcb4ba5000 	C:\WINDOWS\SYSTEM32\dhcpcsvc.DLL
0x00007ffcc4020000 - 0x00007ffcc4056000 	C:\WINDOWS\SYSTEM32\ntmarta.dll

JVMTI agents:
c:\Users\Hype GLK\.vscode\extensions\redhat.java-1.56.0-win32-x64\lombok\lombok-1.18.39-4050.jar path:c:\Users\Hype GLK\.vscode\extensions\redhat.java-1.56.0-win32-x64\jre\21.0.12.1-win32-x86_64\bin\instrument.dll, loaded, initialized, instrumentlib options:none

dbghelp: loaded successfully - version: 4.0.5 - missing functions: none
symbol engine: initialized successfully - sym options: 0x614 - pdb path: .;c:\Users\Hype GLK\.vscode\extensions\redhat.java-1.56.0-win32-x64\jre\21.0.12.1-win32-x86_64\bin;C:\WINDOWS\SYSTEM32;C:\WINDOWS\WinSxS\amd64_microsoft.windows.common-controls_6595b64144ccf1df_6.0.26100.9278_none_3e0d1ba8e3303201;c:\Users\Hype GLK\.vscode\extensions\redhat.java-1.56.0-win32-x64\jre\21.0.12.1-win32-x86_64\bin\server;C:\Users\Hype GLK\AppData\Roaming\Code\User\globalStorage\redhat.java\1.56.0\config_win\org.eclipse.equinox.launcher\org.eclipse.equinox.launcher.win32.win32.x86_64_1.3.100.v20260804-1928;C:\Users\Hype GLK\AppData\Local\Temp\jna--52147252

VM Arguments:
jvm_args: --add-modules=ALL-SYSTEM --add-opens=java.base/java.util=ALL-UNNAMED --add-opens=java.base/java.lang=ALL-UNNAMED --add-opens=java.base/sun.nio.fs=ALL-UNNAMED -Declipse.application=org.eclipse.jdt.ls.core.id1 -Dosgi.bundles.defaultStartLevel=4 -Declipse.product=org.eclipse.jdt.ls.core.product -Djava.import.generatesMetadataFilesAtProjectRoot=false -Dm2e.project.cache.size=50 -DDetectVMInstallationsJob.disabled=true -Dfile.encoding=utf8 -XX:+UseParallelGC -XX:GCTimeRatio=4 -XX:AdaptiveSizePolicyWeight=90 -Dsun.zip.disableMemoryMapping=true -Xmx2G -Xms100m -Xlog:disable -javaagent:c:\Users\Hype GLK\.vscode\extensions\redhat.java-1.56.0-win32-x64\lombok\lombok-1.18.39-4050.jar -XX:+HeapDumpOnOutOfMemoryError -XX:HeapDumpPath=c:\Users\Hype GLK\AppData\Roaming\Code\User\workspaceStorage\8ad3ce0ed1885a528738d1945e7fd075\redhat.java -Daether.dependencyCollector.impl=bf 
java_command: c:\Users\Hype GLK\.vscode\extensions\redhat.java-1.56.0-win32-x64\server\plugins\org.eclipse.equinox.launcher_1.8.0.v20260804-1928.jar -configuration c:\Users\Hype GLK\AppData\Roaming\Code\User\globalStorage\redhat.java\1.56.0\config_win -data c:\Users\Hype GLK\AppData\Roaming\Code\User\workspaceStorage\8ad3ce0ed1885a528738d1945e7fd075\redhat.java\jdt_ws --stdio
java_class_path (initial): c:\Users\Hype GLK\.vscode\extensions\redhat.java-1.56.0-win32-x64\server\plugins\org.eclipse.equinox.launcher_1.8.0.v20260804-1928.jar
Launcher Type: SUN_STANDARD

[Global flags]
    uintx AdaptiveSizePolicyWeight                 = 90                                        {product} {command line}
     intx CICompilerCount                          = 2                                         {product} {ergonomic}
    uintx GCTimeRatio                              = 4                                         {product} {command line}
     bool HeapDumpOnOutOfMemoryError               = true                                   {manageable} {command line}
    ccstr HeapDumpPath                             = c:\Users\Hype GLK\AppData\Roaming\Code\User\workspaceStorage\8ad3ce0ed1885a528738d1945e7fd075\redhat.java         {manageable} {command line}
   size_t InitialHeapSize                          = 104857600                                 {product} {command line}
   size_t MaxHeapSize                              = 2147483648                                {product} {command line}
   size_t MaxNewSize                               = 715653120                                 {product} {ergonomic}
   size_t MinHeapDeltaBytes                        = 524288                                    {product} {ergonomic}
   size_t MinHeapSize                              = 104857600                                 {product} {command line}
   size_t NewSize                                  = 34603008                                  {product} {ergonomic}
    uintx NonNMethodCodeHeapSize                   = 5826188                                {pd product} {ergonomic}
    uintx NonProfiledCodeHeapSize                  = 122916026                              {pd product} {ergonomic}
   size_t OldSize                                  = 70254592                                  {product} {ergonomic}
    uintx ProfiledCodeHeapSize                     = 122916026                              {pd product} {ergonomic}
    uintx ReservedCodeCacheSize                    = 251658240                              {pd product} {ergonomic}
     bool SegmentedCodeCache                       = true                                      {product} {ergonomic}
   size_t SoftMaxHeapSize                          = 2147483648                             {manageable} {ergonomic}
     bool UseCompressedOops                        = true                           {product lp64_product} {ergonomic}
     bool UseLargePagesIndividualAllocation        = false                                  {pd product} {ergonomic}
     bool UseParallelGC                            = true                                      {product} {command line}

Logging:
Log output configuration:
 #0: stdout all=off uptime,level,tags foldmultilines=false
 #1: stderr all=off uptime,level,tags foldmultilines=false

Release file:
JAVA_VERSION="21.0.12.1" 
MODULES="java.base java.compiler java.datatransfer java.xml java.prefs java.desktop java.instrument java.logging java.management java.security.sasl java.naming java.rmi java.management.rmi java.net.http java.scripting java.security.jgss java.transaction.xa java.sql java.sql.rowset java.xml.crypto java.se java.smartcardio jdk.accessibility jdk.internal.jvmstat jdk.attach jdk.charsets jdk.internal.opt jdk.zipfs jdk.compiler jdk.crypto.ec jdk.crypto.cryptoki jdk.crypto.mscapi jdk.dynalink jdk.internal.ed jdk.editpad jdk.hotspot.agent jdk.httpserver jdk.internal.le jdk.internal.vm.ci jdk.internal.vm.compiler jdk.internal.vm.compiler.management jdk.jartool jdk.javadoc jdk.jcmd jdk.management jdk.management.agent jdk.jconsole jdk.jdeps jdk.jdwp.agent jdk.jdi jdk.jfr jdk.jshell jdk.jsobject jdk.jstatd jdk.localedata jdk.management.jfr jdk.naming.dns jdk.naming.rmi jdk.net jdk.nio.mapmode jdk.random jdk.sctp jdk.security.auth jdk.security.jgss jdk.unsupported jdk.unsupported.desktop jdk.xml.dom" 

Environment Variables:
PATH=C:\Program Files\Common Files\Oracle\Java\javapath;C:\WINDOWS\system32;C:\WINDOWS;C:\WINDOWS\System32\Wbem;C:\WINDOWS\System32\WindowsPowerShell\v1.0\;C:\WINDOWS\System32\OpenSSH\;C:\Program Files\Intel\TXE Components\DAL\;C:\Program Files (x86)\Intel\TXE Components\DAL\;C:\Users\Hype GLK\AppData\Local\Microsoft\WindowsApps;C:\Users\Hype GLK\AppData\Local\Programs\Microsoft VS Code\bin
USERNAME=Hype GLK
OS=Windows_NT
PROCESSOR_IDENTIFIER=Intel64 Family 6 Model 122 Stepping 8, GenuineIntel
TMP=C:\Users\HYPEGL~1\AppData\Local\Temp
TEMP=C:\Users\HYPEGL~1\AppData\Local\Temp




Periodic native trim disabled

---------------  S Y S T E M  ---------------

OS:
 Windows 11 , 64 bit Build 26100 (10.0.26100.9444)
OS uptime: 0 days 10:01 hours

CPU: total 2 (initial active 2) (2 cores per cpu, 1 threads per core) family 6 model 122 stepping 8 microcode 0x18, cx8, cmov, fxsr, mmx, 3dnowpref, sse, sse2, sse3, ssse3, sse4.1, sse4.2, popcnt, tsc, tscinvbit, aes, erms, clmul, sha, clflush, clflushopt, rdtscp, rdpid
Processor Information for the first 2 processors :
  Max Mhz: 1101, Current Mhz: 1101, Mhz Limit: 1101

Memory: 4k page, system-wide physical 8016M (1103M free)
TotalPageFile size 23129M (AvailPageFile size 5M)
current process WorkingSet (physical memory assigned to process): 17M, peak: 289M
current process commit charge ("private bytes"): 1647M, peak: 1654M

vm_info: OpenJDK 64-Bit Server VM (21.0.12.1+1-LTS) for windows-amd64 JRE (21.0.12.1+1-LTS), built on 2026-08-18T00:00:00Z by "admin" with MS VC++ 17.12 (VS2022)

END.
